8/8/2025 10:45:33 AM - INFO: Using specified date: 8/8/2025
8/8/2025 10:45:33 AM - INFO: ExcelMerger started.
8/8/2025 10:45:34 AM - INFO: Destination file path: C:\Deployments\ExcelMergerProd\CollatralFile\Daily_Margin_08082025.xlsx
8/8/2025 10:45:56 AM - INFO: Searching for files in: C:\Gravitas\VendorFiles\CITY with pattern: MONET_INDEXMT_Mainstay_Exposure_Summary_Update_20250807.csv
8/8/2025 10:45:56 AM - INFO: No files found matching the pattern.
8/8/2025 10:45:56 AM - INFO: Searching for files in: C:\Gravitas\VendorFiles\JPM with pattern: *report*20250807.xls
8/8/2025 10:45:56 AM - INFO: No files found matching the pattern.
8/8/2025 10:45:56 AM - INFO: Searching for files in: C:\Gravitas\VendorFiles\ML with pattern: 201_INDEXIQ_20250807.csv
8/8/2025 10:45:56 AM - INFO: Searching for files in: C:\Gravitas\VendorFiles\ML with pattern: 301_INDEXIQ_20250807.csv
8/8/2025 10:45:56 AM - INFO: Searching for files in: C:\Gravitas\VendorFiles\MS with pattern: CollateralBalance_20250807*.csv
8/8/2025 10:45:56 AM - INFO: Searching for files in: C:\Gravitas\VendorFiles\MS with pattern: Margin_20250807*.csv
8/8/2025 10:45:56 AM - INFO: Searching for files in: C:\Gravitas\VendorFiles\BNY with pattern: Index_IQ_Settled_Settled_Cash_Balances_-_Bilateral_and_Tri-Party_Collateral_Accounts__20250808*.xls
8/8/2025 10:45:56 AM - INFO: No files found matching the pattern.
8/8/2025 10:45:56 AM - INFO: Searching for files in: C:\Gravitas\VendorFiles\BNY with pattern: IndexIQ_Bilateral_and_Tri-Party_Custody_Valuation_Report__20250808*.xls
8/8/2025 10:45:56 AM - INFO: No files found matching the pattern.
8/8/2025 10:45:56 AM - INFO: Searching for files in: C:\Gravitas\VendorFiles\JPM with pattern: Posted_Cash_20250808*.xls
8/8/2025 10:45:56 AM - INFO: No files found matching the pattern.
8/8/2025 10:45:56 AM - INFO: Searching for files in: C:\Gravitas\VendorFiles\JPM with pattern: Positions_20250808*.xls
8/8/2025 10:45:56 AM - INFO: No files found matching the pattern.
8/8/2025 10:46:36 AM - INFO: Processed file saved to: C:\Deployments\ExcelMergerProd\CollatralFile\Daily_Margin_08082025.xlsx
8/8/2025 10:46:37 AM - INFO: File copied to shared location: C:\Gravitas\SharedFiles\DailyMargin\Daily_Margin_08082025.xlsx
8/8/2025 10:46:37 AM - INFO: ExcelMerger completed successfully.
8/8/2025 10:47:26 AM - INFO: Using specified date: 8/7/2025
8/8/2025 10:47:26 AM - INFO: ExcelMerger started.
8/8/2025 10:47:26 AM - INFO: Destination file path: C:\Deployments\ExcelMergerProd\CollatralFile\Daily_Margin_08082025.xlsx
8/8/2025 10:47:54 AM - INFO: Searching for files in: C:\Gravitas\VendorFiles\CITY with pattern: MONET_INDEXMT_Mainstay_Exposure_Summary_Update_20250806.csv
8/8/2025 10:47:54 AM - INFO: Searching for files in: C:\Gravitas\VendorFiles\JPM with pattern: *report*20250806.xls
8/8/2025 10:47:55 AM - INFO: Searching for files in: C:\Gravitas\VendorFiles\ML with pattern: 201_INDEXIQ_20250806.csv
8/8/2025 10:47:55 AM - INFO: No files found matching the pattern.
8/8/2025 10:47:55 AM - INFO: Searching for files in: C:\Gravitas\VendorFiles\ML with pattern: 301_INDEXIQ_20250806.csv
8/8/2025 10:47:55 AM - INFO: No files found matching the pattern.
8/8/2025 10:47:55 AM - INFO: Searching for files in: C:\Gravitas\VendorFiles\MS with pattern: CollateralBalance_20250806*.csv
8/8/2025 10:47:55 AM - INFO: No files found matching the pattern.
8/8/2025 10:47:55 AM - INFO: Searching for files in: C:\Gravitas\VendorFiles\MS with pattern: Margin_20250806*.csv
8/8/2025 10:47:55 AM - INFO: No files found matching the pattern.
8/8/2025 10:47:55 AM - INFO: Searching for files in: C:\Gravitas\VendorFiles\BNY with pattern: Index_IQ_Settled_Settled_Cash_Balances_-_Bilateral_and_Tri-Party_Collateral_Accounts__20250807*.xls
8/8/2025 10:47:55 AM - INFO: Searching for files in: C:\Gravitas\VendorFiles\BNY with pattern: IndexIQ_Bilateral_and_Tri-Party_Custody_Valuation_Report__20250807*.xls
8/8/2025 10:47:55 AM - INFO: Searching for files in: C:\Gravitas\VendorFiles\JPM with pattern: Posted_Cash_20250807*.xls
8/8/2025 10:47:55 AM - INFO: Searching for files in: C:\Gravitas\VendorFiles\JPM with pattern: Positions_20250807*.xls
8/8/2025 10:48:31 AM - INFO: Processed file saved to: C:\Deployments\ExcelMergerProd\CollatralFile\Daily_Margin_08082025.xlsx
8/8/2025 10:48:31 AM - INFO: File copied to shared location: C:\Gravitas\SharedFiles\DailyMargin\Daily_Margin_08082025.xlsx
8/8/2025 10:48:32 AM - INFO: ExcelMerger completed successfully.
8/8/2025 10:56:27 AM - INFO: Using specified date: 8/7/2025
8/8/2025 10:56:27 AM - INFO: ExcelMerger started.
8/8/2025 10:56:27 AM - INFO: Destination file path: C:\Deployments\ExcelMergerProd\CollatralFile\Daily_Margin_08082025.xlsx
8/8/2025 10:56:46 AM - INFO: Searching for files in: C:\Gravitas\VendorFiles\CITY with pattern: MONET_INDEXMT_Mainstay_Exposure_Summary_Update_20250806.csv
8/8/2025 10:56:46 AM - INFO: Searching for files in: C:\Gravitas\VendorFiles\JPM with pattern: *report*20250806.xls
8/8/2025 10:56:46 AM - INFO: Searching for files in: C:\Gravitas\VendorFiles\ML with pattern: 201_INDEXIQ_20250806.csv
8/8/2025 10:56:46 AM - INFO: No files found matching the pattern.
8/8/2025 10:56:46 AM - INFO: Searching for files in: C:\Gravitas\VendorFiles\ML with pattern: 301_INDEXIQ_20250806.csv
8/8/2025 10:56:46 AM - INFO: No files found matching the pattern.
8/8/2025 10:56:46 AM - INFO: Searching for files in: C:\Gravitas\VendorFiles\MS with pattern: CollateralBalance_20250806*.csv
8/8/2025 10:56:46 AM - INFO: No files found matching the pattern.
8/8/2025 10:56:46 AM - INFO: Searching for files in: C:\Gravitas\VendorFiles\MS with pattern: Margin_20250806*.csv
8/8/2025 10:56:46 AM - INFO: No files found matching the pattern.
8/8/2025 10:56:46 AM - INFO: Searching for files in: C:\Gravitas\VendorFiles\BNY with pattern: Index_IQ_Settled_Settled_Cash_Balances_-_Bilateral_and_Tri-Party_Collateral_Accounts__20250807*.xls
8/8/2025 10:56:46 AM - INFO: Searching for files in: C:\Gravitas\VendorFiles\BNY with pattern: IndexIQ_Bilateral_and_Tri-Party_Custody_Valuation_Report__20250807*.xls
8/8/2025 10:56:46 AM - INFO: Searching for files in: C:\Gravitas\VendorFiles\JPM with pattern: Posted_Cash_20250807*.xls
8/8/2025 10:56:46 AM - INFO: Searching for files in: C:\Gravitas\VendorFiles\JPM with pattern: Positions_20250807*.xls
8/8/2025 10:57:17 AM - INFO: Processed file saved to: C:\Deployments\ExcelMergerProd\CollatralFile\Daily_Margin_08082025.xlsx
8/8/2025 10:57:17 AM - INFO: File copied to shared location: C:\Gravitas\SharedFiles\DailyMargin\Daily_Margin_08082025.xlsx
8/8/2025 10:57:17 AM - INFO: ExcelMerger completed successfully.
8/8/2025 1:10:54 PM - INFO: Using specified date: 8/7/2025
8/8/2025 1:10:54 PM - INFO: ExcelMerger started.
8/8/2025 1:10:54 PM - INFO: Destination file path: C:\Deployments\ExcelMergerProd\CollatralFile\Daily_Margin_08082025.xlsx
8/8/2025 1:11:14 PM - INFO: Searching for files in: C:\Gravitas\VendorFiles\CITY with pattern: MONET_INDEXMT_Mainstay_Exposure_Summary_Update_20250806.csv
8/8/2025 1:11:14 PM - INFO: Searching for files in: C:\Gravitas\VendorFiles\JPM with pattern: *report*20250806.xls
8/8/2025 1:11:15 PM - INFO: Searching for files in: C:\Gravitas\VendorFiles\ML with pattern: 201_INDEXIQ_20250806.csv
8/8/2025 1:11:15 PM - INFO: Searching for files in: C:\Gravitas\VendorFiles\ML with pattern: 301_INDEXIQ_20250806.csv
8/8/2025 1:11:15 PM - INFO: Searching for files in: C:\Gravitas\VendorFiles\MS with pattern: CollateralBalance_20250806*.csv
8/8/2025 1:11:15 PM - INFO: Searching for files in: C:\Gravitas\VendorFiles\MS with pattern: Margin_20250806*.csv
8/8/2025 1:11:15 PM - INFO: Searching for files in: C:\Gravitas\VendorFiles\BNY with pattern: Index_IQ_Settled_Settled_Cash_Balances_-_Bilateral_and_Tri-Party_Collateral_Accounts__20250807*.xls
8/8/2025 1:11:15 PM - INFO: Searching for files in: C:\Gravitas\VendorFiles\BNY with pattern: IndexIQ_Bilateral_and_Tri-Party_Custody_Valuation_Report__20250807*.xls
8/8/2025 1:11:15 PM - INFO: Searching for files in: C:\Gravitas\VendorFiles\JPM with pattern: Posted_Cash_20250807*.xls
8/8/2025 1:11:15 PM - INFO: Searching for files in: C:\Gravitas\VendorFiles\JPM with pattern: Positions_20250807*.xls
8/8/2025 1:11:55 PM - INFO: Processed file saved to: C:\Deployments\ExcelMergerProd\CollatralFile\Daily_Margin_08082025.xlsx
8/8/2025 1:11:55 PM - INFO: File copied to shared location: C:\Gravitas\SharedFiles\DailyMargin\Daily_Margin_08082025.xlsx
8/8/2025 1:11:56 PM - INFO: ExcelMerger completed successfully.
8/22/2025 11:07:04 AM - INFO: Using specified date: 8/22/2025
8/22/2025 11:07:04 AM - INFO: ExcelMerger started.
8/22/2025 11:07:05 AM - INFO: Destination file path: C:\Deployments\ExcelMergerProd\CollatralFile\Daily_Margin_08222025.xlsx
8/22/2025 11:07:25 AM - INFO: Searching for files in: C:\Gravitas\VendorFiles\CITY with pattern: MONET_INDEXMT_Mainstay_Exposure_Summary_Update_20250821.csv
8/22/2025 11:07:25 AM - INFO: No files found matching the pattern.
8/22/2025 11:07:25 AM - INFO: Searching for files in: C:\Gravitas\VendorFiles\JPM with pattern: *report*20250821.xls
8/22/2025 11:07:25 AM - INFO: No files found matching the pattern.
8/22/2025 11:07:25 AM - INFO: Searching for files in: C:\Gravitas\VendorFiles\ML with pattern: 201_INDEXIQ_20250821.csv
8/22/2025 11:07:26 AM - INFO: No files found matching the pattern.
8/22/2025 11:07:26 AM - INFO: Searching for files in: C:\Gravitas\VendorFiles\ML with pattern: 301_INDEXIQ_20250821.csv
8/22/2025 11:07:26 AM - INFO: No files found matching the pattern.
8/22/2025 11:07:26 AM - INFO: Searching for files in: C:\Gravitas\VendorFiles\MS with pattern: CollateralBalance_20250821*.csv
8/22/2025 11:07:26 AM - INFO: No files found matching the pattern.
8/22/2025 11:07:26 AM - INFO: Searching for files in: C:\Gravitas\VendorFiles\MS with pattern: Margin_20250821*.csv
8/22/2025 11:07:26 AM - INFO: No files found matching the pattern.
8/22/2025 11:07:26 AM - INFO: Searching for files in: C:\Gravitas\VendorFiles\BNY with pattern: Index_IQ_Settled_Settled_Cash_Balances_-_Bilateral_and_Tri-Party_Collateral_Accounts__20250822*.xls
8/22/2025 11:07:26 AM - INFO: No files found matching the pattern.
8/22/2025 11:07:26 AM - INFO: Searching for files in: C:\Gravitas\VendorFiles\BNY with pattern: IndexIQ_Bilateral_and_Tri-Party_Custody_Valuation_Report__20250822*.xls
8/22/2025 11:07:26 AM - INFO: No files found matching the pattern.
8/22/2025 11:07:26 AM - INFO: Searching for files in: C:\Gravitas\VendorFiles\JPM with pattern: Posted_Cash_20250822*.xls
8/22/2025 11:07:26 AM - INFO: No files found matching the pattern.
8/22/2025 11:07:26 AM - INFO: Searching for files in: C:\Gravitas\VendorFiles\JPM with pattern: Positions_20250822*.xls
8/22/2025 11:07:26 AM - INFO: No files found matching the pattern.
8/22/2025 11:07:59 AM - INFO: Processed file saved to: C:\Deployments\ExcelMergerProd\CollatralFile\Daily_Margin_08222025.xlsx
8/22/2025 11:07:59 AM - INFO: File copied to shared location: C:\Gravitas\SharedFiles\DailyMargin\Daily_Margin_08222025.xlsx
8/22/2025 11:08:00 AM - INFO: ExcelMerger completed successfully.
